// Jest Snapshot v1, https://goo.gl/fbAQLP

exports[`<AddToCart /> renders and matches the snapshot 1`] = `
<button
  disabled={false}
  onClick={[Function]}
  style={
    Object {
      "color": "#393939",
    }
  }
>
  Add
   To Cart ðŸ›’
</button>
`;
